
> ai-chat-hub@0.1.0 test:router-development-benchmark
> node --conditions=react-server --import tsx --test --test-concurrency=1 --test-reporter=spec tests/routerDevelopmentBenchmark.test.mjs tests/routerDevelopmentBenchmarkCli.test.mjs tests/routerDevelopmentBenchmarkCorpus.test.mjs

✔ semantic grading accepts whitespace and object order, including equivalent numeric syntax (2.1101ms)
✔ wrong values, omission, extra keys, array order, types and unicode remain wrong (0.4854ms)
✔ blank, prose, fenced JSON and duplicate keys never pass (0.274ms)
✔ parser bounds input bytes, depth and numeric precision without executing input (0.5165ms)
✔ decimal precision loss and underflow are invalid instead of a rounded exact match (0.2282ms)
✔ strict schema cannot collide through a NUL-containing key (0.117ms)
✔ corpus rejects duplicates, unsupported requirements, unknown fields and malformed expectations (5.9193ms)
✔ full catalogue matrix keeps disabled, missing context and intrinsic search rows (158.5385ms)
✔ plan is deterministic, binds exact corpus, and exports only prompt as model input (93.6151ms)
✔ fixture requirements govern benchmark admission while original search-inference refusals remain visible (128.9975ms)
✔ per-model answer cap preserves product provenance and original router fit separately (16.833ms)
✔ unknown and duplicate catalogue IDs, forged plans, changed source and unknown plan tiers fail (174.7494ms)
✔ no results means not_run and null correctness/metrics, never pass or tie (1.7376ms)
✔ partial and complete scoring keep failures/invalid/blank in the planned denominator (13.153ms)
✔ saved result rows reject unknown, duplicate, forged and extra fields (1.1308ms)
✔ external saved records remain self-reported, missing metrics remain null and rescore is deterministic (2.7128ms)
✔ the benchmark's transitive production import graph has no provider dispatch or I/O modules (3.7675ms)
✔ CLI defaults to offline full matrix and writes a new plan with no provider traffic (543.4165ms)
✔ CLI refuses live/unknown/ambiguous arguments before work (3247.0649ms)
✔ CLI refuses accidental overwrite and pricing environment overrides (1291.1781ms)
✔ CLI grades saved fixtures offline and keeps missing coverage explicit (2982.3073ms)
✔ CLI rejects malformed UTF-8, oversized input and duplicate JSON keys (712.9534ms)
✔ development corpus has exactly six unique tasks in each language/task cell (2.6309ms)
✔ dev-en-extract-01: independently derived known answer: Select dispatched AND North Dock; preserve label order and convert yes to true. (0.4156ms)
✔ dev-en-extract-01: semantic leaf mutations, missing keys and extra keys fail (0.8334ms)
✔ dev-en-extract-01: formatting and object-key order are ignored, decoded strings are preserved (0.2601ms)
✔ dev-en-extract-02: independently derived known answer: The current asset record has Annex/B2 and no custodian; do not inherit the historical custodian. (0.2233ms)
✔ dev-en-extract-02: semantic leaf mutations, missing keys and extra keys fail (1.0228ms)
✔ dev-en-extract-02: formatting and object-key order are ignored, decoded strings are preserved (0.2382ms)
✔ dev-en-extract-03: independently derived known answer: Elm is the only room with both required flags; seat count is copied, not inferred. (0.6586ms)
✔ dev-en-extract-03: semantic leaf mutations, missing keys and extra keys fail (0.7814ms)
✔ dev-en-extract-03: formatting and object-key order are ignored, decoded strings are preserved (0.3306ms)
✔ dev-en-extract-04: independently derived known answer: Take T-18's final event; the resolution belongs to T-19 and must not fill T-18's null. (0.1562ms)
✔ dev-en-extract-04: semantic leaf mutations, missing keys and extra keys fail (0.3879ms)
✔ dev-en-extract-04: formatting and object-key order are ignored, decoded strings are preserved (0.0928ms)
✔ dev-en-extract-05: independently derived known answer: Filter explicit vegan and available flags in source order; preserve two spaces inside the note. (0.1649ms)
✔ dev-en-extract-05: semantic leaf mutations, missing keys and extra keys fail (0.3298ms)
✔ dev-en-extract-05: formatting and object-key order are ignored, decoded strings are preserved (0.0989ms)
✔ dev-en-extract-06: independently derived known answer: Current v2 explicitly has an empty tag list and no reviewer; old version metadata is irrelevant. (0.1532ms)
✔ dev-en-extract-06: semantic leaf mutations, missing keys and extra keys fail (0.4622ms)
✔ dev-en-extract-06: formatting and object-key order are ignored, decoded strings are preserved (0.0963ms)
✔ dev-ko-extract-01: independently derived known answer: Match title and loan category, not the reference copy with the same title. (0.181ms)
✔ dev-ko-extract-01: semantic leaf mutations, missing keys and extra keys fail (0.7911ms)
✔ dev-ko-extract-01: formatting and object-key order are ignored, decoded strings are preserved (0.7496ms)
✔ dev-ko-extract-02: independently derived known answer: Use declared weekend/open labels and copy materials flags into ordered nested objects. (0.2432ms)
✔ dev-ko-extract-02: semantic leaf mutations, missing keys and extra keys fail (0.6214ms)
✔ dev-ko-extract-02: formatting and object-key order are ignored, decoded strings are preserved (0.1459ms)
✔ dev-ko-extract-03: independently derived known answer: Copy received G-4's nested body and components; G-5's locker is not G-4's locker. (0.182ms)
✔ dev-ko-extract-03: semantic leaf mutations, missing keys and extra keys fail (0.9728ms)
✔ dev-ko-extract-03: formatting and object-key order are ignored, decoded strings are preserved (0.1613ms)
✔ dev-ko-extract-04: independently derived known answer: Select confirmed first broadcasts and keep source order, even though time order is different. (0.2085ms)
✔ dev-ko-extract-04: semantic leaf mutations, missing keys and extra keys fail (0.4387ms)
✔ dev-ko-extract-04: formatting and object-key order are ignored, decoded strings are preserved (0.1157ms)
✔ dev-ko-extract-05: independently derived known answer: R-2 is sealed with a two-space label; an unrecorded inspection date remains null. (0.1358ms)
✔ dev-ko-extract-05: semantic leaf mutations, missing keys and extra keys fail (0.3926ms)
✔ dev-ko-extract-05: formatting and object-key order are ignored, decoded strings are preserved (0.0941ms)
✔ dev-ko-extract-06: independently derived known answer: The issued notice supersedes the draft; empty supplies and a missing end date are different values. (0.1558ms)
✔ dev-ko-extract-06: semantic leaf mutations, missing keys and extra keys fail (0.4903ms)
✔ dev-ko-extract-06: formatting and object-key order are ignored, decoded strings are preserved (0.1481ms)
✔ dev-en-calc-01: independently derived known answer: 18 + 7 - 9 - 2 = 14 available; 9 + 2 = 11 removed. (0.1387ms)
✔ dev-en-calc-01: semantic leaf mutations, missing keys and extra keys fail (0.2976ms)
✔ dev-en-calc-01: formatting and object-key order are ignored, decoded strings are preserved (0.105ms)
✔ dev-en-calc-02: independently derived known answer: Only O-7 and O-4 qualify, yielding 4 × 8 + 3 × 5 = 47 tokens across 2 orders. (0.2108ms)
✔ dev-en-calc-02: semantic leaf mutations, missing keys and extra keys fail (0.43ms)
✔ dev-en-calc-02: formatting and object-key order are ignored, decoded strings are preserved (0.1579ms)
✔ dev-en-calc-03: independently derived known answer: 40 - 15 = 25 unmarked; 15/40 × 100 = 37.5 and 25/40 × 100 = 62.5. (0.128ms)
✔ dev-en-calc-03: semantic leaf mutations, missing keys and extra keys fail (0.3265ms)
✔ dev-en-calc-03: formatting and object-key order are ignored, decoded strings are preserved (0.0921ms)
✔ dev-en-calc-04: independently derived known answer: 2000 + 350 + 750 = 3100 grams; subtract 600 to obtain 2500 grams or 2.5 kilograms. (0.1282ms)
✔ dev-en-calc-04: semantic leaf mutations, missing keys and extra keys fail (0.314ms)
✔ dev-en-calc-04: formatting and object-key order are ignored, decoded strings are preserved (0.0933ms)
✔ dev-en-calc-05: independently derived known answer: 605 - 550 = 55 elapsed minutes; 55 - 10 = 45 active minutes or 0.75 hours. (0.1258ms)
✔ dev-en-calc-05: semantic leaf mutations, missing keys and extra keys fail (0.3072ms)
✔ dev-en-calc-05: formatting and object-key order are ignored, decoded strings are preserved (0.0939ms)
✔ dev-en-calc-06: independently derived known answer: Open rows at or before 2026-04-10 are J-4 and J-8, including equality; 3 + 4 = 7 units. (0.1907ms)
✔ dev-en-calc-06: semantic leaf mutations, missing keys and extra keys fail (0.4265ms)
✔ dev-en-calc-06: formatting and object-key order are ignored, decoded strings are preserved (0.1089ms)
✔ dev-ko-calc-01: independently derived known answer: 4 × 6 = 24 initially packed; 24 - 3 + 5 = 26 shippable. (0.1061ms)
✔ dev-ko-calc-01: semantic leaf mutations, missing keys and extra keys fail (0.2015ms)
✔ dev-ko-calc-01: formatting and object-key order are ignored, decoded strings are preserved (0.0788ms)
✔ dev-ko-calc-02: independently derived known answer: 7 + 5 + 2 = 14 visitors, 12 paying; 7 × 3 + 5 × 8 + 2 × 0 = 61 tokens. (0.1977ms)
✔ dev-ko-calc-02: semantic leaf mutations, missing keys and extra keys fail (0.3774ms)
✔ dev-ko-calc-02: formatting and object-key order are ignored, decoded strings are preserved (0.143ms)
✔ dev-ko-calc-03: independently derived known answer: 12000 × 12.5/100 = 1500 discount; 10500 discounted price plus 500 gives 11000 payable. (0.1492ms)
✔ dev-ko-calc-03: semantic leaf mutations, missing keys and extra keys fail (0.3993ms)
✔ dev-ko-calc-03: formatting and object-key order are ignored, decoded strings are preserved (0.0916ms)
✔ dev-ko-calc-04: independently derived known answer: 1.2 × 100 + 85 + 350/10 = 240 cm; subtract 40 to leave 200 cm or 2 m. (0.1258ms)
✔ dev-ko-calc-04: semantic leaf mutations, missing keys and extra keys fail (0.291ms)
✔ dev-ko-calc-04: formatting and object-key order are ignored, decoded strings are preserved (0.5722ms)
✔ dev-ko-calc-05: independently derived known answer: Four approvals contain three distinct IDs in first-approved order; one duplicate approval and two rejections. (0.2454ms)
✔ dev-ko-calc-05: semantic leaf mutations, missing keys and extra keys fail (0.6362ms)
✔ dev-ko-calc-05: formatting and object-key order are ignored, decoded strings are preserved (0.1284ms)
✔ dev-ko-calc-06: independently derived known answer: Both inclusive boundaries qualify, returns and outside dates do not: B-6 then B-9, 5 + 2 = 7 units. (0.2309ms)
✔ dev-ko-calc-06: semantic leaf mutations, missing keys and extra keys fail (0.4379ms)
✔ dev-ko-calc-06: formatting and object-key order are ignored, decoded strings are preserved (0.0897ms)
ℹ tests 95
ℹ suites 0
ℹ pass 95
ℹ fail 0
ℹ cancelled 0
ℹ skipped 0
ℹ todo 0
ℹ duration_ms 10143.4285
