
> ai-chat-hub@0.1.0 test:router-development-collector
> node --conditions=react-server --import tsx --test --test-concurrency=1 --test-reporter=spec tests/routerDevelopmentCollector.test.mjs tests/routerDevelopmentCollectorProvider.test.mjs tests/routerDevelopmentCollectorCli.test.mjs tests/routerDevelopmentCollectorAdversarial.test.mjs

✔ full 42x24 manifest stays within existing JSON byte and node limits (111.5482ms)
✔ a new catalogue context window cannot silently admit an unparsed provider family (137.7175ms)
✔ unavailable unsupported-provider observations remain held and block resume and export (281.0481ms)
✔ permanent reservations stop a selected population explicitly and completed rows never rerun (270.774ms)
✔ confirmed blank and invalid JSON answers remain returned records for the frozen grader (184.3791ms)
✔ unsupported billing on any terminal stops later rows and resume and refuses the whole export (280.6128ms)
✔ known output_total breach stops with null cost and preserves the complete terminal evidence (265.7118ms)
✔ known input_total breach stops with null cost and preserves the complete terminal evidence (320.3678ms)
✔ known input_partition_lower_bound breach stops with null cost and preserves the complete terminal evidence (309.1535ms)
✔ known reasoning_lower_bound breach stops with null cost and preserves the complete terminal evidence (296.0116ms)
✔ known safe_integer_cost_overflow breach stops with null cost and preserves the complete terminal evidence (306.9601ms)
✔ known partition and reasoning values exactly at the bound do not invent missing totals or stop (184.7798ms)
✔ adversarial harness blocks accidental fetch and socket traffic (1.4549ms)
✔ microUSD arithmetic rounds decimal and exponent rates upward without float truncation (0.2679ms)
✔ reservation covers independently rounded no-cache/read/write/output categories (0.3707ms)
✔ reservation dominates every small disjoint input-category partition across all tiers (1.0814ms)
✔ reservation uses the highest input, cache-write and output rates across tiers (0.1405ms)
✔ unknown, fractional, negative and unsafe token bounds cannot become zero-cost admission (0.3995ms)
✔ cost overflow and invalid rates fail rather than losing microUSD precision (0.266ms)
✔ invalid individual tier rates cannot be hidden by a higher valid tier (0.1774ms)
✔ unobserved usage remains null rather than an inferred free call (0.3307ms)
✔ complete oversized response preserves bare-hex digest through validator and JSON roundtrip (2.9642ms)
✔ answer storage boundary uses UTF-8 bytes and never silently truncates (3.5548ms)
✔ partial response cannot claim a full omitted answer digest or complete byte count (0.2514ms)
✔ outcome validation preserves missing observations and rejects invalid numeric observations (1.0899ms)
✔ failed and timeout outcomes cannot carry a successful answer (0.2758ms)
✔ manifest selection leaves the full 24 by catalogue matrix and refused rows intact (0.291ms)
✔ rehashed manifest edits cannot change frozen reservations, settings, or full row coverage (760.766ms)
✔ synthetic approval is bound to exact manifest, acknowledgement order, and actor (0.6911ms)
✔ approval cannot become an unbounded or path-traversing identity (0.6595ms)
✔ expired or future synthetic approval cannot authorize dispatch (0.2757ms)
✔ partial writes loop to completion and flush before returning (4.6077ms)
✔ registration followed by missing ledger fails closed without a replacement budget (236.5948ms)
✔ intent journal fsync failure happens before dispatch and cannot be resumed as fresh (242.8677ms)
✔ intent witness fsync failure still cannot precede a provider call (226.6975ms)
✔ interruption at intent_durable holds reservation, prevents redispatch, and refuses export (229.286ms)
✔ interruption at response_received holds reservation, prevents redispatch, and refuses export (257.1111ms)
✔ same approval ID cannot reset spending through another path or enlarged manifest (410.5547ms)
✔ two writers sharing one approval cannot both dispatch while the lock is held (322.373ms)
✔ terminal fsync failure cannot be exported as a witnessed successful completion (318.8216ms)
✔ a valid older ledger prefix cannot erase witnessed dispatch history (318.3571ms)
✔ journal parser rejects truncation, duplicated terminals, and rehashed identity mutations (3.0863ms)
✔ current-snapshot guard executes again before a later dispatch after clock advancement (157.3715ms)
✔ time spent durably recording intent cannot extend approval past its expiry (196.5132ms)
✔ a price revision crossed during intent persistence is checked before dispatch (181.084ms)
✔ collector adapter request contains only prompt and frozen call settings, never gold (177.8966ms)
✔ v1 export refuses unknown without discarding the attempted row (167.4699ms)
✔ v1 export refuses storage_omitted without discarding the attempted row (165.0322ms)
✔ v1 export refuses v1_answer_oversized without discarding the attempted row (181.5814ms)
✔ export preserves blank and failed rows in the original eligible denominator (154.7999ms)
✔ controlled timeout terminal is exported as timeout without releasing its reservation (193.0807ms)
✔ durable timeout stops later rows and resume while remaining exportable as timeout (278.6647ms)
✔ whole-document v1 export limit refuses rather than dropping large valid rows (864.2492ms)
✔ real child abrupt exit at intent_durable leaves an unknown intent and an unreclaimed lock (687.7758ms)
✔ real child abrupt exit at response_received leaves an unknown intent and an unreclaimed lock (713.3581ms)
✔ separate child writers cannot double-spend a shared approval journal (978.5733ms)
✔ SDK options force retry zero, one prompt, frozen output cap, and raw-body opt-in (1.6447ms)
✔ retryable SDK provider error dispatches exactly once with the real SDK and a mock model (186.3579ms)
✔ SDK settings drift refuses before model construction or generation (0.3283ms)
✔ multi-step and tool-bearing replies remain unsupported even with an answer (0.3959ms)
✔ provider raw usage allowlist distinguishes missing, invalid, and observed zero (0.4418ms)
✔ provider failures do not persist secrets, request bodies, reasoning, or raw errors (0.2707ms)
✔ default preview is a network-free full census and never an approval (740.5972ms)
✔ explicit proposal binds all source/settings/rates/limits without approving spend (1209.8818ms)
✔ missing human approval/live flag, unknown or duplicate flags fail without any calls (5606.7854ms)
✔ malformed manifest cannot request arbitrary source-file hashing (1141.8955ms)
✔ case-insensitive pricing overrides are rejected and help is inert (685.2532ms)
✔ basename preserves Windows and POSIX root filenames without filesystem access (0.3265ms)
✔ the actual CLI checks and writes one root target while all writes are redirected to a temp fixture (769.9719ms)
✔ a dot-dot-prefixed child of a temporary common directory is refused while a real outside path is allowed (1095.4828ms)
✔ actual SDK7 mock proves request boundary, body opt-in, one step, and no normalized evidence (30.2346ms)
✔ actual SDK7 retryable 429 invokes a mock once (1.2428ms)
✔ actual SDK7 retryable 503 invokes a mock once (0.8281ms)
✔ raw usage preserves missing versus explicit zero across five adapter families (0.7562ms)
✔ Google cached reads leave writes, uncached input, and cost unknown despite extra raw and normalized values (2.1324ms)
✔ metadata failures, invalid counters, and oversize do not invent evidence (2.1894ms)
✔ served-tier mismatch is observed read-only and the guard still blocks new outbound selectors (0.482ms)
✔ non-standard tier on a provider HTTP error remains unsupported rather than ordinary failed (0.5552ms)
✔ unknown provider metadata is explicitly unsupported without inventing observations (3.1256ms)
✔ an unsupported provider is refused before settings, model creation, generate, or SDK entry (0.7154ms)
ℹ tests 80
ℹ suites 0
ℹ pass 80
ℹ fail 0
ℹ cancelled 0
ℹ skipped 0
ℹ todo 0
ℹ duration_ms 24541.7217
