✔ a request that fits keeps the whole cap it asked for (0.9516ms)
✔ the cap is lowered to the room the window has left, not refused (0.1981ms)
✔ input that exactly fills the window leaves nothing to answer in (0.131ms)
✔ one token of room is enough to proceed (0.1923ms)
✔ one token past the window is refused (0.1271ms)
✔ the provider's ceiling lowers the request cap and never raises it (0.1236ms)
✔ an unverified provider ceiling is absent, not unlimited (0.2068ms)
✔ a model with no declared window reports that nothing was checked (0.1529ms)
✔ no enabled model refuses a one-token request (2.2893ms)
✔ every enabled model leaves a guest room for a real answer (0.7232ms)
✔ Kimi K3 answers a full-length turn instead of refusing it (0.1559ms)
✔ an answer call asks for what the product asks for (1.3619ms)
✔ a judge call gets a verdict-sized budget, not a chat-sized one (0.1659ms)
✔ the judge budget has room for the reasoning it is billed for (0.1421ms)
✔ a manifest freezes one entry per model and role (8.2139ms)
✔ a run that froze nothing cannot say what it asked for (0.1847ms)
✔ a manifest from another profile version is refused (0.1832ms)
✔ an answer arm capped below the product's own cap is refused (0.2139ms)
✔ a usable model survives with the output room it would have (2.8976ms)
✔ every rejection reason is one of the declared identifiers (1.2491ms)
✔ Auto refuses a model with no declared context window (0.2455ms)
✔ a turn with no room left to answer in is refused (0.2969ms)
✔ output room is trimmed to what the window leaves (0.3175ms)
✔ a request that exactly fills the window is refused, one token less is not (0.2342ms)
✔ plan and enablement are checked before anything about the turn (0.2805ms)
✔ a model not publicly listed is not an Auto candidate (0.276ms)
✔ an image turn refuses a model that cannot read one (0.6219ms)
✔ a turn needing current information refuses a model that cannot search (0.6455ms)
✔ unverified search support is a refusal, not a maybe (0.8861ms)
✔ an unbounded search cost is a refusal, and its own one (0.2751ms)
✔ a turn that needs nothing current does not consult search support (1.0044ms)
✔ health and region are refusals the caller supplies (0.1322ms)
✔ the credit filter needs both a budget and prices, or it does not run (0.1399ms)
✔ an unpriced model is not affordable (0.0938ms)
✔ a model priced exactly at the remaining balance is affordable (0.0907ms)
✔ the result carries no request content (0.1238ms)
✔ an empty catalogue produces an empty result rather than throwing (0.0997ms)
✔ filtering the same input twice gives the same answer (0.1774ms)
✔ the four values are ordered, and the observed one is a floor (0.7638ms)
✔ a run with no observation says so rather than reporting zero (0.1926ms)
✔ the worst single request is the worst one, not the sum of them (0.1662ms)
✔ a ceiling one request can breach is refused before dispatch (0.1547ms)
✔ a ceiling below the expected cost is a separate complaint (0.1957ms)
✔ a ceiling above both is no complaint at all (0.4938ms)
✔ a decision names a model, its output room and the sticky state to carry (3.9703ms)
✔ a refusal carries no model id at all, rather than a null one (1.0093ms)
✔ a refusal explains itself, one blocking reason per model (0.7788ms)
✔ nothing the user wrote reaches the record (0.491ms)
✔ an attachment's filename does not reach the record either (0.5454ms)
✔ every component version reaches the record (0.3588ms)
✔ the record says what was considered, not only what was chosen (0.3704ms)
✔ decision latency is measured from an injectable clock (0.2568ms)
✔ a backwards clock cannot produce a negative latency (0.4424ms)
✔ the current model is carried in and the streak comes back out (0.5904ms)
✔ summarised rejections are ordered by how many models each reason blocked (0.2009ms)
✔ summarising nothing is empty rather than an error (0.0767ms)
✔ a selection outside the eligible set is refused, never defaulted (0.1625ms)
✔ every catalogue model appears on every item, and a refused one carries a declared reason (7.9916ms)
✔ the diagnostic agrees with the product's own decision on the same input (2.0957ms)
✔ the cost tie-break picks the cheapest, and every loser says which criterion it lost on (1.4568ms)
✔ an unmeasured model is reported at the neutral band with no evidence, never at zero and never promoted (1.4002ms)
✔ the Router's output cap and dispatch's are both reported, and a difference is named rather than hidden (1.779ms)
✔ fallback is reachable only when the gate, the product's own decision and dispatch all say yes; as deployed the gate says no (1.9814ms)
✔ improvement candidates name the reachability gap and the never-chosen models with fixed identifiers (0.8301ms)
✔ a requested model outside the catalogue is refused rather than routed under an invented cap (0.3748ms)
✔ the report carries nothing derived from a prompt (0.6605ms)
✔ a set that is ready, exact and pre-registered is not refused (3.9787ms)
✔ pilotReady must be true, not merely absent (3.2355ms)
✔ a cell holding more than its target is refused, not just a short one (2.2983ms)
✔ one wrong cell is named, and the others are not (0.7503ms)
✔ candidates do not count towards a cell's target (0.6218ms)
✔ an empty cellTargets is refused before any cell is compared (0.5601ms)
✔ a set with no pre-registered baseline is refused (2.3063ms)
✔ a set edited after its freeze is refused (0.8398ms)
✔ a set with no freeze record at all is refused (0.6327ms)
✔ a freeze date without a digest is refused (0.5883ms)
✔ reordering the file is not a change to the sample (0.4364ms)
✔ a reviewer note, an adopter and a drafter are outside the digest (0.5259ms)
✔ drafting into the reserve does not disturb the freeze (0.5046ms)
✔ promoting a reserve item into the sample is drift (0.5873ms)
✔ a freeze time that is not a time pins the sample to nothing (0.7015ms)
✔ the digest survives a malformed attachment rather than throwing (0.7043ms)
✔ a set with no judge or seed pre-registered is refused (0.588ms)
✔ the pre-registered configuration passes (0.3835ms)
✔ each run argument is checked against what the set registered (1.3955ms)
✔ a bias run may differ in baseline, but not in judge or seed (0.5266ms)
✔ nothing registered is not a mismatch (0.324ms)
✔ every stratum in §2 has at least one cell, and Korean is a cell of its own (2.4203ms)
✔ a well-formed development set has nothing to report (0.5192ms)
✔ a development set is allowed to be nothing but candidates (0.1229ms)
✔ a well-formed decision set has nothing to report (0.5654ms)
✔ a development set cannot stand in for a decision set (0.2047ms)
✔ a decision set full of candidates is refused (0.192ms)
✔ an adopted item must name who adopted it and when (0.4231ms)
✔ a decision set must carry a freeze record (0.1779ms)
✔ a decision set must pre-register a complete baseline (0.866ms)
✔ a baseline pre-registered after the freeze is refused (0.3955ms)
✔ a decision set with no cell targets cannot have a short cell (0.1691ms)
✔ an item outside §2's strata and cells is caught (0.3281ms)
✔ a cell target naming a cell that does not exist would never be filled (0.1395ms)
✔ duplicate ids are caught, because one item would silently answer twice (0.1008ms)
✔ an item with no prompt, source or status is incomplete (0.1415ms)
✔ an empty or non-object set is a problem, not an empty pass (0.0903ms)
✔ adopted items exclude candidates (0.1335ms)
✔ uniform targets cover every cell of every stratum (0.2581ms)
✔ the committed candidate pool is well formed and covers every cell (3.5897ms)
✔ the gate check says plainly that no decision run exists (219.1886ms)
✔ the gate check refuses a pilot report as ROUTE-01 evidence (223.2954ms)
✔ a decision set must pre-register a complete judge and seed (0.3758ms)
✔ a seed of zero, or a non-integer, is not a pre-registered seed (0.3089ms)
✔ every enabled catalogue model is enrolled in the snapshot (1.8143ms)
✔ the snapshot names no model the catalogue does not have (0.3235ms)
✔ no model is enrolled twice (0.1418ms)
✔ each entry's provider matches the catalogue (0.2192ms)
✔ every cell starts neutral, with no confidence interval (0.2392ms)
✔ a band off neutral must name its evidence (0.2584ms)
✔ an unenrolled model is neutral rather than refused (0.1465ms)
✔ the tie-break order is the one the policy documents (0.1834ms)
✔ the switch margin is stated in the units of the current scale (0.2482ms)
✔ a cell with no interval is compared on its band alone (0.3958ms)
✔ the band is a strict primary key, so the order stays total (0.1608ms)
✔ an unsupported kind ranks on the general column (2.6797ms)
✔ a turn resting on one signal moves the conversation more slowly (0.2251ms)
✔ the policy carries a version that can be recorded (0.1969ms)
✔ the selection path imports nothing that touches the outside world (1.5431ms)
✔ no eligible candidate selects nothing and says so (1.4192ms)
✔ every reason is one of the declared identifiers (1.017ms)
✔ a single candidate wins without consulting a preference (0.1667ms)
✔ with no evidence in the snapshot, quality decides nothing (0.2067ms)
✔ the tie-break applies its criteria in the documented order (0.4427ms)
✔ a missing signal abstains instead of winning or losing (0.1654ms)
✔ differences inside the policy's thresholds are not differences (0.2424ms)
✔ the answer does not depend on the order the filters emitted (0.1532ms)
✔ a model outside the six the finder lists is ranked, not parked (0.3388ms)
✔ a cheaper challenger does not move the conversation (0.4745ms)
✔ the streak does not advance while the margin is unmet (0.1699ms)
✔ stickiness never keeps a model that failed a filter (0.1066ms)
✔ the model already in use reports its own reason, not stickiness (0.1016ms)
✔ an unsupported kind is routed on the general column (0.1598ms)
✔ the result carries no request content (1.7377ms)
✔ the same turn always selects the same way (1.1229ms)
✔ the ranking names every eligible model, best first (0.2121ms)
✔ nothing eligible ranks nothing (0.1174ms)
✔ the ranking still holds the sticky winner, so the caller must remove it (0.1371ms)
✔ a degraded model loses to a healthy one, even when it is cheaper (0.1124ms)
✔ degradation does not decide when both sides carry it (0.1025ms)
✔ a model nothing has probed is not demoted for being unprobed (0.0972ms)
✔ only outcomes that describe the model are counted (1.3075ms)
✔ the counted set is the one the module declares (0.2575ms)
✔ a failure counts against the rate without ending it (0.1841ms)
✔ an under-sampled model gets no rate and no percentile (0.1879ms)
✔ a null rate is dropped from the map rather than written as a value (1.0558ms)
✔ time to first token is measured only where there was one (0.1728ms)
✔ a negative or non-finite delay is not an observation (0.1867ms)
✔ the percentile is nearest-rank, the same convention the shadow report uses (0.1673ms)
✔ models are summarised independently (0.3587ms)
✔ an empty sample produces an empty summary, not a zeroed one (0.6101ms)
✔ every profile records the version that produced it (2.3393ms)
✔ the profile carries no input text, anywhere (0.985ms)
✔ kind is always one of the declared vocabulary (1.0092ms)
✔ an empty turn is general with no confidence claimed (0.5141ms)
✔ a fenced block is coding regardless of the prose around it (0.2032ms)
✔ a stack trace is coding even with no code words (0.162ms)
✔ two independent code signals read as strong, one as weak (0.2248ms)
✔ an attached document outranks a keyword in the text (0.2113ms)
✔ an image attachment is not also counted as a document (0.2735ms)
✔ current-information need is separate from the research kind (0.3453ms)
✔ an explicit search request beats the heuristic and says so (0.1118ms)
✔ a requested short answer is recognised, and short wins a tie (0.1006ms)
✔ a turn that says nothing about length lands on medium (0.0847ms)
✔ scripts are reported for tokenizer-stratified estimation (0.1862ms)
✔ script detection does not depend on how many times it has run (0.2171ms)
✔ the same turn always profiles the same way (0.0988ms)
✔ translation is its own kind rather than writing (0.0767ms)
✔ a plain writing request is writing (0.0749ms)
✔ missing and malformed input does not throw (0.3101ms)
✔ an explicit source request needs the web however short it is (0.1109ms)
✔ a short ordinary turn still needs nothing (0.0798ms)
✔ softer recency wording keeps the floor it had (0.0835ms)
✔ summarising an attached paper needs no current information (0.1088ms)
✔ the two axes are read from one definition without becoming one axis (0.0924ms)
ℹ tests 181
ℹ suites 0
ℹ pass 181
ℹ fail 0
ℹ cancelled 0
ℹ skipped 0
ℹ todo 0
ℹ duration_ms 3106.6179
