✔ the allowlist still suppresses the non-secret constants it exists for (1.1681ms)
✔ the allowlist does not suppress credential-shaped lines (0.2601ms)
✔ no allowlist pattern accepts an unconstrained value class (0.2311ms)
✔ production refuses to run without both numbers (1.9824ms)
✔ production accepts an explicit pair (0.1894ms)
✔ only one of the two set in production is still a refusal (0.3383ms)
✔ development falls back so nobody has to configure a laptop (0.1434ms)
✔ zero is refused rather than read as off (0.3406ms)
✔ a month below a day is reported rather than silently reordered (0.1813ms)
✔ outside production the same typo is reported but still runs (0.3568ms)
✔ every model the deployment can reach has a recorded price (0.6371ms)
✔ an entry whose audio rate is unknown is still reported as unknown (0.4339ms)
✔ the default model's price is not the one that is unknown (0.3936ms)
✔ a model with no entry is a problem, not a default (0.166ms)
✔ the deadline turns the check from warning into failure (0.1351ms)
✔ no entry may schedule its re-reading more than the maximum away (0.173ms)
✔ every entry names a person and a ticket (0.0893ms)
✔ an observed cost carries the invoice it was read from (0.135ms)
✔ an observation names no raw account identifier (0.2626ms)
✔ the observed charge reproduces the recorded rates exactly (0.1224ms)
✔ the provider billed the same count the response reported (1.0612ms)
✔ the reconciliation uses the billed quantity, not the reported one (0.4436ms)
✔ a charge billed in some other unit is refused, not converted (0.2112ms)
✔ the output line is checked too, on both unit and quantity (0.2023ms)
✔ the effective audio rate is not the published one (0.1106ms)
✔ the effective rate is what reproduces the invoice, on both models (0.136ms)
✔ the published audio price would not reproduce either invoice (0.1468ms)
✔ the discrepancy is on the input side only (0.2114ms)
✔ a rate the invoice does not support is refused (0.7004ms)
✔ an invoice recorded against no audio rate at all is refused (0.1395ms)
✔ a ticket that names nothing is refused (0.0981ms)
✔ the configured model is resolved in one place (0.0984ms)
✔ the default model may be called (0.1141ms)
✔ a model with no known audio rate is refused (0.0864ms)
✔ both shipped models are now accepted by the readiness refusal (0.0851ms)
✔ an unrecognised model string is refused, not shrugged at (0.0742ms)
✔ a priced model that has never been invoiced is refused (0.0913ms)
✔ an expired reading does not refuse readiness (0.1181ms)
✔ buckets open on UTC calendar boundaries (0.5572ms)
✔ a daily refusal points at the next UTC midnight (0.1008ms)
✔ a monthly refusal points at the 1st, not at tomorrow (0.0993ms)
✔ the month rolls over the year end without a special case (0.0802ms)
✔ month ends of every length land on the 1st (0.1056ms)
✔ a leap day is a day like any other for the daily bucket (0.0786ms)
✔ a reset is never zero or in the past (0.1162ms)
✔ the first instant of a month is a whole month away from the next (0.0932ms)
ℹ tests 46
ℹ suites 0
ℹ pass 46
ℹ fail 0
ℹ cancelled 0
ℹ skipped 0
ℹ todo 0
ℹ duration_ms 444.1123
