
> ai-chat-hub@0.1.0 test:router-development-collector
> node --conditions=react-server --import tsx --test --test-concurrency=1 --test-reporter=spec tests/routerDevelopmentCollector.test.mjs tests/routerDevelopmentCollectorProvider.test.mjs tests/routerDevelopmentCollectorCli.test.mjs tests/routerDevelopmentCollectorAdversarial.test.mjs

✔ full 42x24 manifest stays within existing JSON byte and node limits (108.601ms)
✔ a new catalogue context window cannot silently admit an unparsed provider family (134.5763ms)
✔ unavailable unsupported-provider observations remain held and block resume and export (257.0185ms)
✔ permanent reservations stop a selected population explicitly and completed rows never rerun (265.0542ms)
✔ confirmed blank and invalid JSON answers remain returned records for the frozen grader (156.2019ms)
✔ unsupported billing on any terminal stops later rows and resume and refuses the whole export (255.7138ms)
✔ known output_total breach stops with null cost and preserves the complete terminal evidence (263.0103ms)
✔ known input_total breach stops with null cost and preserves the complete terminal evidence (263.3073ms)
✔ known input_partition_lower_bound breach stops with null cost and preserves the complete terminal evidence (254.032ms)
✔ known reasoning_lower_bound breach stops with null cost and preserves the complete terminal evidence (246.4671ms)
✔ known safe_integer_cost_overflow breach stops with null cost and preserves the complete terminal evidence (251.1128ms)
✔ known partition and reasoning values exactly at the bound do not invent missing totals or stop (151.8574ms)
✔ adversarial harness blocks accidental fetch and socket traffic (1.558ms)
✔ microUSD arithmetic rounds decimal and exponent rates upward without float truncation (0.2555ms)
✔ reservation covers independently rounded no-cache/read/write/output categories (0.3207ms)
✔ reservation dominates every small disjoint input-category partition across all tiers (1.0871ms)
✔ reservation uses the highest input, cache-write and output rates across tiers (0.1443ms)
✔ unknown, fractional, negative and unsafe token bounds cannot become zero-cost admission (0.3975ms)
✔ cost overflow and invalid rates fail rather than losing microUSD precision (0.2648ms)
✔ invalid individual tier rates cannot be hidden by a higher valid tier (0.1748ms)
✔ unobserved usage remains null rather than an inferred free call (0.336ms)
✔ complete oversized response preserves bare-hex digest through validator and JSON roundtrip (2.922ms)
✔ answer storage boundary uses UTF-8 bytes and never silently truncates (3.7285ms)
✔ partial response cannot claim a full omitted answer digest or complete byte count (0.2536ms)
✔ outcome validation preserves missing observations and rejects invalid numeric observations (1.0949ms)
✔ failed and timeout outcomes cannot carry a successful answer (0.2142ms)
✔ manifest selection leaves the full 24 by catalogue matrix and refused rows intact (0.2586ms)
✔ rehashed manifest edits cannot change frozen reservations, settings, or full row coverage (706.501ms)
✔ synthetic approval is bound to exact manifest, acknowledgement order, and actor (0.5743ms)
✔ approval cannot become an unbounded or path-traversing identity (0.6343ms)
✔ expired or future synthetic approval cannot authorize dispatch (0.2677ms)
✔ partial writes loop to completion and flush before returning (4.4953ms)
✔ registration followed by missing ledger fails closed without a replacement budget (208.607ms)
✔ intent journal fsync failure happens before dispatch and cannot be resumed as fresh (210.4562ms)
✔ intent witness fsync failure still cannot precede a provider call (215.9545ms)
✔ interruption at intent_durable holds reservation, prevents redispatch, and refuses export (212.7109ms)
✔ interruption at response_received holds reservation, prevents redispatch, and refuses export (215.6773ms)
✔ same approval ID cannot reset spending through another path or enlarged manifest (388.2798ms)
✔ two writers sharing one approval cannot both dispatch while the lock is held (246.647ms)
✔ terminal fsync failure cannot be exported as a witnessed successful completion (223.3559ms)
✔ a valid older ledger prefix cannot erase witnessed dispatch history (250.3245ms)
✔ journal parser rejects truncation, duplicated terminals, and rehashed identity mutations (2.3169ms)
✔ current-snapshot guard executes again before a later dispatch after clock advancement (110.6723ms)
✔ time spent durably recording intent cannot extend approval past its expiry (153.0239ms)
✔ a price revision crossed during intent persistence is checked before dispatch (149.8917ms)
✔ collector adapter request contains only prompt and frozen call settings, never gold (149.5251ms)
✔ v1 export refuses unknown without discarding the attempted row (147.6821ms)
✔ v1 export refuses storage_omitted without discarding the attempted row (153.2682ms)
✔ v1 export refuses v1_answer_oversized without discarding the attempted row (159.2591ms)
✔ export preserves blank and failed rows in the original eligible denominator (127.1213ms)
✔ controlled timeout terminal is exported as timeout without releasing its reservation (150.6155ms)
✔ durable timeout stops later rows and resume while remaining exportable as timeout (221.2307ms)
✔ whole-document v1 export limit refuses rather than dropping large valid rows (709.3453ms)
✔ real child abrupt exit at intent_durable leaves an unknown intent and an unreclaimed lock (527.9022ms)
✔ real child abrupt exit at response_received leaves an unknown intent and an unreclaimed lock (527.0465ms)
✔ separate child writers cannot double-spend a shared approval journal (802.7317ms)
✔ SDK options force retry zero, one prompt, frozen output cap, and raw-body opt-in (1.0018ms)
✔ retryable SDK provider error dispatches exactly once with the real SDK and a mock model (150.0001ms)
✔ SDK settings drift refuses before model construction or generation (0.2414ms)
✔ multi-step and tool-bearing replies remain unsupported even with an answer (0.3548ms)
✔ provider raw usage allowlist distinguishes missing, invalid, and observed zero (0.3898ms)
✔ provider failures do not persist secrets, request bodies, reasoning, or raw errors (0.2525ms)
✔ default preview is a network-free full census and never an approval (551.9923ms)
✔ explicit proposal binds all source/settings/rates/limits without approving spend (938.4464ms)
✔ missing human approval/live flag, unknown or duplicate flags fail without any calls (4519.937ms)
✔ malformed manifest cannot request arbitrary source-file hashing (858.2953ms)
✔ case-insensitive pricing overrides are rejected and help is inert (524.8462ms)
✔ basename preserves Windows and POSIX root filenames without filesystem access (0.2532ms)
✔ the actual CLI checks and writes one root target while all writes are redirected to a temp fixture (543.7404ms)
✔ a dot-dot-prefixed child of a temporary common directory is refused while a real outside path is allowed (807.0528ms)
✔ actual SDK7 mock proves request boundary, body opt-in, one step, and no normalized evidence (25.0122ms)
✔ actual SDK7 retryable 429 invokes a mock once (1.1831ms)
✔ actual SDK7 retryable 503 invokes a mock once (2.2518ms)
✔ raw usage preserves missing versus explicit zero across five adapter families (0.5304ms)
✔ Google cached reads leave writes, uncached input, and cost unknown despite extra raw and normalized values (1.2917ms)
✔ metadata failures, invalid counters, and oversize do not invent evidence (1.8138ms)
✔ served-tier mismatch is observed read-only and the guard still blocks new outbound selectors (0.3936ms)
✔ non-standard tier on a provider HTTP error remains unsupported rather than ordinary failed (0.3637ms)
✔ unknown provider metadata is explicitly unsupported without inventing observations (2.1618ms)
✔ an unsupported provider is refused before settings, model creation, generate, or SDK entry (0.6313ms)
ℹ tests 80
ℹ suites 0
ℹ pass 80
ℹ fail 0
ℹ cancelled 0
ℹ skipped 0
ℹ todo 0
ℹ duration_ms 20027.6505
